moder
20 -21/ ### card_1
reconr
-21 -22/ ### card_1
'pendf tape for endf/b-vi.1 28-ni-61a'/ ### card_2
2834 1 0/ ### card_3
0.01/ ### card_4
'28-ni-61a from endf/b-vi.1 t124 (hetrick,fu;ornl)'/ ### card_5
0/ ### card_3
broadr
-21 -22 -23/ ### card_1
2834 1/ ### card_2
0.01/ ### card_3
300/ ### card_4
0/ ### card_5
heatr
-21 -23 -24/ ### card_1
2834 6 0 1 0 2/ ### card_2
302 303 304 402 443 444/ ### card_3
moder
-24 28/ ### card_1
groupr
-21 -24 0 -22/ ### card_1
2834 3 3 9 4 1 1 1/ ### card_2
'ni61a endf/b-vi.1 30x12'/ ### card_3
300/ ### card_4
1e10/ ### card_5
3/ ### card_9
3 251 'mubar'/ ### card_9
3 252 'xi'/ ### card_9
3 253 'gamma'/ ### card_9
3 259 '1/v'/ ### card_9
6/ ### card_9
16/ ### card_9
0/ ### card_9
0/ ### card_10
acer
-21 -24 0 25 26/ ### card_1
1 1 1/ ### card_2
'28-ni-61a from endf-vi.1'/ ### card_3
2834 300.0/ ### card_5
0/ ### card_6
/ ### card_7
stop

